==== TASK-002 阿宝算力基准实测 ====
Python 3.10.12 | NumPy 2.2.6 | pandas 2.3.3
可见 CPU 核数：3
初始 RSS：39 MB


===== RUN1 25 万行：N=1000 只股票 × T=250 天 = 250,000 行 =====
[生成] 耗时 0.01s，此时 RSS=43 MB
[波动率] 耗时 0.01s，有效格子 231,000，均值 0.2618
[IC] 耗时 0.00s，IC均值=+0.0023 ICIR=+0.075 正IC占比=51.0%
[内存] 峰值 RSS ≈ 60 MB

===== RUN2 100 万行：N=2000 只股票 × T=500 天 = 1,000,000 行 =====
[生成] 耗时 0.04s，此时 RSS=54 MB
[波动率] 耗时 0.06s，有效格子 962,000，均值 0.2441
[IC] 耗时 0.01s，IC均值=+0.0023 ICIR=+0.101 正IC占比=54.9%
[内存] 峰值 RSS ≈ 123 MB

===== JSON 结果（供报告引用）=====
{
 "run1": {
  "label": "RUN1 25 万行",
  "N": 1000,
  "T": 250,
  "rows": 250000,
  "gen_s": 0.011,
  "vol_s": 0.008,
  "ic_s": 0.003,
  "total_s": 0.022,
  "ic_mean": 0.00231,
  "icir": 0.075,
  "pos_ic": 0.51,
  "rss_mb": 60.0
 },
 "run2": {
  "label": "RUN2 100 万行",
  "N": 2000,
  "T": 500,
  "rows": 1000000,
  "gen_s": 0.04,
  "vol_s": 0.057,
  "ic_s": 0.011,
  "total_s": 0.107,
  "ic_mean": 0.00232,
  "icir": 0.101,
  "pos_ic": 0.549,
  "rss_mb": 123.0
 }
}
